// Jest Snapshot v1, https://goo.gl/fbAQLP

exports[`GalleryTitle matches snapshot 1`] = `
<ForwardRef(render)
  className="row"
>
  <div
    className="col"
  >
    <h1
      className="title"
    >
      Test Gallery
    </h1>
  </div>
</ForwardRef(render)>
`;
